// Jest Snapshot v1, https://goo.gl/fbAQLP

exports[`should render expenselist with expenses 1`] = `
<div>
  3
  <ExpenseListItem
    amount={196}
    createdAt={0}
    description="gum"
    id="1"
    key="1"
    note=""
  />
  <ExpenseListItem
    amount={197000}
    createdAt={-345600000}
    description="rent"
    id="2"
    key="2"
    note=""
  />
  <ExpenseListItem
    amount={4000}
    createdAt={345600000}
    description="credit card"
    id="3"
    key="3"
    note=""
  />
</div>
`;
